<html>
<body>
<pre>
<h1>µVision Build Log</h1>
<h2>Tool Versions:</h2>
IDE-Version: µVision V5.34.0.0
Copyright (C) 2021 ARM Ltd and ARM Germany GmbH. All rights reserved.
License Information: NECATÝ AKYOL, Necati Akyol, LIC=----
 
Tool Versions:
Toolchain:       MDK-Lite  Version: 5.34.0.0
Toolchain Path:  C:\Keil_v5\ARM\ARMCC\Bin
C Compiler:      Armcc.exe V5.06 update 7 (build 960)
Assembler:       Armasm.exe V5.06 update 7 (build 960)
Linker/Locator:  ArmLink.exe V5.06 update 7 (build 960)
Library Manager: ArmAr.exe V5.06 update 7 (build 960)
Hex Converter:   FromElf.exe V5.06 update 7 (build 960)
CPU DLL:         SARMCM3.DLL V5.34.0.0
Dialog DLL:      DCM.DLL V1.17.3.0
Target DLL:      STLink\ST-LINKIII-KEIL_SWO.dll V3.0.8.0
Dialog DLL:      TCM.DLL V1.48.0.0
 
<h2>Project:</h2>
C:\Users\lenovo\Documents\CubeMX\bootcamp\bootcamp_1_LED\MDK-ARM\bootcamp_1_LED.uvprojx
Project File Date:  02/03/2022

<h2>Output:</h2>
*** Using Compiler 'V5.06 update 7 (build 960)', folder: 'C:\Keil_v5\ARM\ARMCC\Bin'
Build target 'bootcamp_1_LED'
compiling main.c...
../Core/Src/main.c(123): warning:  #188-D: enumerated type mixed with another type
                HAL_GPIO_WritePin(GPIOD,GPIO_PIN_12,1);
../Core/Src/main.c(124): warning:  #188-D: enumerated type mixed with another type
                HAL_GPIO_WritePin(GPIOD,GPIO_PIN_14,1);
../Core/Src/main.c(125): warning:  #188-D: enumerated type mixed with another type
                HAL_GPIO_WritePin(GPIOD,GPIO_PIN_13,0);
../Core/Src/main.c(126): warning:  #188-D: enumerated type mixed with another type
                HAL_GPIO_WritePin(GPIOD,GPIO_PIN_15,0);
../Core/Src/main.c(129): warning:  #188-D: enumerated type mixed with another type
                HAL_GPIO_WritePin(GPIOD,GPIO_PIN_12,0);
../Core/Src/main.c(130): warning:  #188-D: enumerated type mixed with another type
                HAL_GPIO_WritePin(GPIOD,GPIO_PIN_14,0);
../Core/Src/main.c(131): warning:  #188-D: enumerated type mixed with another type
                HAL_GPIO_WritePin(GPIOD,GPIO_PIN_13,1);
../Core/Src/main.c(132): warning:  #188-D: enumerated type mixed with another type
                HAL_GPIO_WritePin(GPIOD,GPIO_PIN_15,1);
../Core/Src/main.c: 8 warnings, 0 errors
linking...
Program Size: Code=3278 RO-data=442 RW-data=16 ZI-data=1632  
FromELF: creating hex file...
"bootcamp_1_LED\bootcamp_1_LED.axf" - 0 Error(s), 8 Warning(s).

<h2>Software Packages used:</h2>

Package Vendor: ARM
                http://www.keil.com/pack/ARM.CMSIS.5.7.0.pack
                ARM.CMSIS.5.7.0
                CMSIS (Cortex Microcontroller Software Interface Standard)
   * Component: CORE Version: 5.4.0

Package Vendor: Keil
                http://www.keil.com/pack/Keil.STM32F4xx_DFP.2.15.0.pack
                Keil.STM32F4xx_DFP.2.15.0
                STMicroelectronics STM32F4 Series Device Support, Drivers and Examples

<h2>Collection of Component include folders:</h2>
  .\RTE\_bootcamp_1_LED
  C:\Users\lenovo\AppData\Local\Arm\Packs\ARM\CMSIS\5.7.0\CMSIS\Core\Include
  C:\Users\lenovo\AppData\Local\Arm\Packs\Keil\STM32F4xx_DFP\2.15.0\Drivers\CMSIS\Device\ST\STM32F4xx\Include

<h2>Collection of Component Files used:</h2>

   * Component: ARM::CMSIS:CORE:5.4.0
      Include file:  CMSIS\Core\Include\tz_context.h
Build Time Elapsed:  00:00:11
</pre>
</body>
</html>
